// Jest Snapshot v1, https://goo.gl/fbAQLP

exports[`About component should match the snapshot 1`] = `
<div>
  <h1
    className="title is-1"
  >
    About
  </h1>
  <hr />
  <br />
  <p>
    Add something relevant here
  </p>
</div>
`;
