// Jest Snapshot v1, https://goo.gl/fbAQLP

exports[`AddUser renders a snapshot properly 1`] = `
<form
  onSubmit={[Function]}
>
  <div
    className="field"
  >
    <input
      className="input is-large"
      name="username"
      onChange={[Function]}
      placeholder="Enter a username"
      required={true}
      type="text"
      value=""
    />
  </div>
  <div
    className="field"
  >
    <input
      className="input is-large"
      name="email"
      onChange={[Function]}
      placeholder="Enter an email address"
      required={true}
      type="email"
      value=""
    />
  </div>
  <input
    className="button is-primary is-large is-fullwidth"
    name="submit"
    type="submit"
    value="Submit"
  />
</form>
`;
