// Jest Snapshot v1, https://goo.gl/fbAQLP

exports[`UsersList component should match the snapshot 1`] = `
<div>
  <h1
    className="title is-1"
  >
    All Users
  </h1>
  <hr />
  <br />
  <table
    className="table is-hoverable is-fullwidth"
  >
    <thead>
      <tr>
        <th>
          ID
        </th>
        <th>
          Email
        </th>
        <th>
          Username
        </th>
        <th>
          Active
        </th>
        <th>
          Admin
        </th>
      </tr>
    </thead>
    <tbody />
  </table>
</div>
`;
